../Application/mytouch.c:16:6:set_pin_adc	40	static
../Application/mytouch.c:44:6:set_pin_vcc	40	static
../Application/mytouch.c:69:6:set_pin_gnd	40	static
../Application/mytouch.c:91:6:set_pin_hi_z	40	static
../Application/mytouch.c:108:6:touch_reset_pins	8	static
../Application/mytouch.c:116:10:pixel_touch_y	32	static
../Application/mytouch.c:125:10:pixel_touch_x	32	static
../Application/mytouch.c:135:6:touchscreen_thread_func	40	static
../Application/mytouch.c:206:6:touchscreen_INIT	48	static
