../Middlewares/lvgl_lib/src/display/../display/../core/../misc/../font/../draw/../misc/../stdlib/lv_string.h:73:20:lv_memzero	16	static
../Middlewares/lvgl_lib/src/display/lv_display.c:74:16:lv_display_create	40	static
../Middlewares/lvgl_lib/src/display/lv_display.c:195:6:lv_display_delete	24	static
../Middlewares/lvgl_lib/src/display/lv_display.c:259:6:lv_display_set_default	16	static
../Middlewares/lvgl_lib/src/display/lv_display.c:264:16:lv_display_get_default	4	static
../Middlewares/lvgl_lib/src/display/lv_display.c:269:16:lv_display_get_next	16	static
../Middlewares/lvgl_lib/src/display/lv_display.c:281:6:lv_display_set_resolution	24	static
../Middlewares/lvgl_lib/src/display/lv_display.c:294:6:lv_display_set_physical_resolution	24	static
../Middlewares/lvgl_lib/src/display/lv_display.c:306:6:lv_display_set_offset	24	static
../Middlewares/lvgl_lib/src/display/lv_display.c:318:6:lv_display_set_dpi	16	static
../Middlewares/lvgl_lib/src/display/lv_display.c:326:9:lv_display_get_horizontal_resolution	16	static
../Middlewares/lvgl_lib/src/display/lv_display.c:344:9:lv_display_get_vertical_resolution	16	static
../Middlewares/lvgl_lib/src/display/lv_display.c:362:9:lv_display_get_original_horizontal_resolution	16	static
../Middlewares/lvgl_lib/src/display/lv_display.c:372:9:lv_display_get_original_vertical_resolution	16	static
../Middlewares/lvgl_lib/src/display/lv_display.c:382:9:lv_display_get_physical_horizontal_resolution	16	static
../Middlewares/lvgl_lib/src/display/lv_display.c:400:9:lv_display_get_physical_vertical_resolution	16	static
../Middlewares/lvgl_lib/src/display/lv_display.c:418:9:lv_display_get_offset_x	16	static
../Middlewares/lvgl_lib/src/display/lv_display.c:439:9:lv_display_get_offset_y	16	static
../Middlewares/lvgl_lib/src/display/lv_display.c:460:9:lv_display_get_dpi	16	static
../Middlewares/lvgl_lib/src/display/lv_display.c:471:6:lv_display_set_draw_buffers	24	static
../Middlewares/lvgl_lib/src/display/lv_display.c:483:6:lv_display_set_3rd_draw_buffer	16	static
../Middlewares/lvgl_lib/src/display/lv_display.c:494:6:lv_display_set_buffers	56	static
../Middlewares/lvgl_lib/src/display/lv_display.c:528:6:lv_display_set_buffers_with_stride	56	static
../Middlewares/lvgl_lib/src/display/lv_display.c:560:6:lv_display_set_render_mode	16	static
../Middlewares/lvgl_lib/src/display/lv_display.c:567:6:lv_display_set_flush_cb	16	static
../Middlewares/lvgl_lib/src/display/lv_display.c:575:6:lv_display_set_flush_wait_cb	16	static
../Middlewares/lvgl_lib/src/display/lv_display.c:583:6:lv_display_set_sync_cb	16	static
../Middlewares/lvgl_lib/src/display/lv_display.c:591:6:lv_display_set_sync_wait_cb	16	static
../Middlewares/lvgl_lib/src/display/lv_display.c:599:6:lv_display_set_color_format	16	static
../Middlewares/lvgl_lib/src/display/lv_display.c:620:19:lv_display_get_color_format	16	static
../Middlewares/lvgl_lib/src/display/lv_display.c:628:6:lv_display_set_tile_cnt	24	static
../Middlewares/lvgl_lib/src/display/lv_display.c:638:10:lv_display_get_tile_cnt	16	static
../Middlewares/lvgl_lib/src/display/lv_display.c:646:6:lv_display_set_antialiasing	16	static
../Middlewares/lvgl_lib/src/display/lv_display.c:656:6:lv_display_get_antialiasing	16	static
../Middlewares/lvgl_lib/src/display/lv_display.c:664:26:lv_display_get_render_mode	16	static
../Middlewares/lvgl_lib/src/display/lv_display.c:672:31:lv_display_flush_ready	16	static
../Middlewares/lvgl_lib/src/display/lv_display.c:677:31:lv_display_flush_is_last	16	static
../Middlewares/lvgl_lib/src/display/lv_display.c:682:30:lv_display_sync_ready	16	static
../Middlewares/lvgl_lib/src/display/lv_display.c:687:30:lv_display_sync_is_last	16	static
../Middlewares/lvgl_lib/src/display/lv_display.c:692:6:lv_display_is_double_buffered	16	static
../Middlewares/lvgl_lib/src/display/lv_display.c:701:12:lv_display_get_screen_active	16	static
../Middlewares/lvgl_lib/src/display/lv_display.c:712:12:lv_display_get_screen_loading	16	static
../Middlewares/lvgl_lib/src/display/lv_display.c:723:12:lv_display_get_screen_prev	16	static
../Middlewares/lvgl_lib/src/display/lv_display.c:734:12:lv_display_get_layer_top	16	static
../Middlewares/lvgl_lib/src/display/lv_display.c:745:12:lv_display_get_layer_sys	16	static
../Middlewares/lvgl_lib/src/display/lv_display.c:756:12:lv_display_get_layer_bottom	16	static
../Middlewares/lvgl_lib/src/display/lv_display.c:789:6:lv_screen_load	24	static
../Middlewares/lvgl_lib/src/display/lv_display.c:794:6:lv_screen_load_anim	232	static
../Middlewares/lvgl_lib/src/display/lv_display.c:960:6:lv_display_add_event_cb	24	static
../Middlewares/lvgl_lib/src/display/lv_display.c:967:10:lv_display_get_event_count	16	static
../Middlewares/lvgl_lib/src/display/lv_display.c:973:18:lv_display_get_event_dsc	16	static
../Middlewares/lvgl_lib/src/display/lv_display.c:980:6:lv_display_delete_event	16	static
../Middlewares/lvgl_lib/src/display/lv_display.c:987:10:lv_display_remove_event_cb_with_user_data	40	static
../Middlewares/lvgl_lib/src/display/lv_display.c:1006:13:lv_display_send_event	24	static
../Middlewares/lvgl_lib/src/display/lv_display.c:1011:13:lv_event_get_invalidated_area	16	static
../Middlewares/lvgl_lib/src/display/lv_display.c:1022:6:lv_display_set_rotation	16	static
../Middlewares/lvgl_lib/src/display/lv_display.c:1031:23:lv_display_get_rotation	16	static
../Middlewares/lvgl_lib/src/display/lv_display.c:1038:6:lv_display_set_matrix_rotation	16	static
../Middlewares/lvgl_lib/src/display/lv_display.c:1057:6:lv_display_get_matrix_rotation	16	static
../Middlewares/lvgl_lib/src/display/lv_display.c:1064:6:lv_display_set_theme	24	static
../Middlewares/lvgl_lib/src/display/lv_display.c:1089:14:lv_display_get_theme	16	static
../Middlewares/lvgl_lib/src/display/lv_display.c:1095:10:lv_display_get_inactive_time	32	static
../Middlewares/lvgl_lib/src/display/lv_display.c:1111:6:lv_display_trigger_activity	16	static
../Middlewares/lvgl_lib/src/display/lv_display.c:1122:6:lv_display_enable_invalidation	16	static
../Middlewares/lvgl_lib/src/display/lv_display.c:1133:6:lv_display_is_invalidation_enabled	16	static
../Middlewares/lvgl_lib/src/display/lv_display.c:1144:14:lv_display_get_refr_timer	16	static
../Middlewares/lvgl_lib/src/display/lv_display.c:1152:6:lv_display_delete_refr_timer	16	static
../Middlewares/lvgl_lib/src/display/lv_display.c:1161:13:lv_display_send_vsync_event	16	static
../Middlewares/lvgl_lib/src/display/lv_display.c:1172:6:lv_display_register_vsync_event	24	static
../Middlewares/lvgl_lib/src/display/lv_display.c:1187:6:lv_display_unregister_vsync_event	32	static
../Middlewares/lvgl_lib/src/display/lv_display.c:1204:6:lv_display_set_user_data	16	static
../Middlewares/lvgl_lib/src/display/lv_display.c:1211:6:lv_display_set_driver_data	16	static
../Middlewares/lvgl_lib/src/display/lv_display.c:1219:8:lv_display_get_user_data	16	static
../Middlewares/lvgl_lib/src/display/lv_display.c:1226:8:lv_display_get_driver_data	16	static
../Middlewares/lvgl_lib/src/display/lv_display.c:1234:17:lv_display_get_buf_active	16	static
../Middlewares/lvgl_lib/src/display/lv_display.c:1241:6:lv_display_rotate_area	32	static
../Middlewares/lvgl_lib/src/display/lv_display.c:1274:6:lv_display_rotate_point	32	static
../Middlewares/lvgl_lib/src/display/lv_display.c:1301:10:lv_display_get_draw_buf_size	16	static
../Middlewares/lvgl_lib/src/display/lv_display.c:1312:10:lv_display_get_invalidated_draw_buf_size	40	static
../Middlewares/lvgl_lib/src/display/lv_display.c:1333:12:lv_screen_active	8	static
../Middlewares/lvgl_lib/src/display/lv_display.c:1338:12:lv_layer_top	8	static
../Middlewares/lvgl_lib/src/display/lv_display.c:1343:12:lv_layer_sys	8	static
../Middlewares/lvgl_lib/src/display/lv_display.c:1348:12:lv_layer_bottom	8	static
../Middlewares/lvgl_lib/src/display/lv_display.c:1353:9:lv_dpx	16	static
../Middlewares/lvgl_lib/src/display/lv_display.c:1358:9:lv_display_dpx	16	static
../Middlewares/lvgl_lib/src/display/lv_display.c:1380:13:old_screen_deleted	16	static
../Middlewares/lvgl_lib/src/display/lv_display.c:1384:13:new_screen_deleted	16	static
../Middlewares/lvgl_lib/src/display/lv_display.c:1389:13:update_resolution	48	static
../Middlewares/lvgl_lib/src/display/lv_display.c:1425:31:invalidate_layout_cb	16	static
../Middlewares/lvgl_lib/src/display/lv_display.c:1432:13:screen_event_delete_cb	24	static
../Middlewares/lvgl_lib/src/display/lv_display.c:1454:32:load_new_screen	24	static
../Middlewares/lvgl_lib/src/display/lv_display.c:1520:13:scr_load_anim_start	24	static
../Middlewares/lvgl_lib/src/display/lv_display.c:1530:13:opa_scale_anim	16	static
../Middlewares/lvgl_lib/src/display/lv_display.c:1535:13:set_x_anim	16	static
../Middlewares/lvgl_lib/src/display/lv_display.c:1540:13:set_y_anim	16	static
../Middlewares/lvgl_lib/src/display/lv_display.c:1545:13:scr_anim_completed	24	static
../Middlewares/lvgl_lib/src/display/lv_display.c:1567:13:is_out_anim	16	static
../Middlewares/lvgl_lib/src/display/lv_display.c:1576:13:disp_event_cb	24	static
